Error one
Error two 
Error three